// Jest Snapshot v1, https://goo.gl/fbAQLP

exports[`Ensure App Snapshot renders correctly 1`] = `
<div
  className="App"
>
  <header
    className="App-header"
  >
    <div
      className="MuiPaper-root MuiCard-root MuiPaper-outlined MuiPaper-rounded"
    >
      <div
        className="MuiCardHeader-root"
      >
        <div
          className="MuiCardHeader-content"
        >
          <h2
            className="MuiTypography-root MuiTypography-h2"
          >
            Welcome!
          </h2>
        </div>
      </div>
      <div
        className="MuiCardContent-root"
      >
        <div
          className="MuiGrid-root MuiGrid-container"
        >
          <div
            className="MuiGrid-root MuiGrid-item MuiGrid-grid-xs-12"
          >
            <div
              onBlur={[Function]}
              onClick={[Function]}
              onDragEnter={[Function]}
              onDragLeave={[Function]}
              onDragOver={[Function]}
              onDrop={[Function]}
              onFocus={[Function]}
              onKeyDown={[Function]}
              style={
                Object {
                  "alignItems": "center",
                  "backgroundColor": "#fafafa",
                  "borderColor": "#eeeeee",
                  "borderRadius": 2,
                  "borderStyle": "dashed",
                  "borderWidth": 2,
                  "color": "#bdbdbd",
                  "display": "flex",
                  "flex": 1,
                  "flexDirection": "column",
                  "outline": "none",
                  "padding": "20px",
                  "transition": "border .24s ease-in-out",
                }
              }
              tabIndex={0}
            >
              <input
                autoComplete="off"
                data-testid="upload-folder"
                multiple={true}
                onChange={[Function]}
                onClick={[Function]}
                style={
                  Object {
                    "display": "none",
                  }
                }
                tabIndex={-1}
                type="file"
                webkitdirectory=""
              />
              <p>
                Drag and drop your folder here to find files containing TODOs
              </p>
            </div>
          </div>
          <div
            data-testid="results"
          >
            <ul
              className="MuiList-root MuiList-padding"
            />
          </div>
        </div>
      </div>
    </div>
  </header>
</div>
`;
